[    0.000000] Linux version 4.15.0-212-generic (buildd@lcy02-amd64-083) (gcc version 7.5.0 (Ubuntu 7.5.0-3ubuntu1~18.04)) #223-Ubuntu SMP Tue May 23 13:09:22 UTC 2023 (Ubuntu 4.15.0-212.223-generic 4.15.18)
[    0.000000] Command line: BOOT_IMAGE=/boot/vmlinuz-4.15.0-212-generic root=LABEL=cloudimg-rootfs ro console=tty1 console=ttyS0
[    0.000000] KERNEL supported cpus:
[    0.000000]   Intel GenuineIntel
[    0.000000]   AMD AuthenticAMD
[    0.000000]   Centaur CentaurHauls
[    0.000000] x86/fpu: x87 FPU will use FXSAVE
[    0.000000] e820: BIOS-provided physical RAM map:
[    0.000000] BIOS-e820: [mem 0x0000000000000000-0x000000000009fbff] usable
[    0.000000] BIOS-e820: [mem 0x000000000009fc00-0x000000000009ffff] reserved
[    0.000000] BIOS-e820: [mem 0x00000000000f0000-0x00000000000fffff] reserved
[    0.000000] BIOS-e820: [mem 0x0000000000100000-0x000000007e7effff] usable
[    0.000000] BIOS-e820: [mem 0x000000007e7f0000-0x000000007e7fffff] ACPI data
[    0.000000] BIOS-e820: [mem 0x00000000fec00000-0x00000000fec00fff] reserved
[    0.000000] BIOS-e820: [mem 0x00000000fee00000-0x00000000fee00fff] reserved
[    0.000000] BIOS-e820: [mem 0x00000000fffc0000-0x00000000ffffffff] reserved
[    0.000000] NX (Execute Disable) protection: active
[    0.000000] SMBIOS 2.5 present.
[    0.000000] DMI: innotek GmbH VirtualBox/VirtualBox, BIOS VirtualBox 12/01/2006
[    0.000000] Hypervisor detected: KVM
[    0.000000] e820: last_pfn = 0x7e7f0 max_arch_pfn = 0x400000000
[    0.000000] x86/PAT: Configuration [0-7]: WB  WC  UC- UC  WB  WP  UC- WT  
[    0.000000] CPU MTRRs all blank - virtualized system.
[    0.000000] found SMP MP-table at [mem 0x0009fbf0-0x0009fbff]
[    0.000000] Scanning 1 areas for low memory corruption
[    0.000000] RAMDISK: [mem 0x359cb000-0x36cdcfff]
[    0.000000] ACPI: Early table checksum verification disabled
[    0.000000] ACPI: RSDP 0x00000000000E0000 000024 (v02 VBOX  )
[    0.000000] ACPI: XSDT 0x000000007E7F0030 00003C (v01 VBOX   VBOXXSDT 00000001 ASL  00000061)
[    0.000000] ACPI: FACP 0x000000007E7F00F0 0000F4 (v04 VBOX   VBOXFACP 00000001 ASL  00000061)
[    0.000000] ACPI: DSDT 0x000000007E7F0620 002353 (v02 VBOX   VBOXBIOS 00000002 INTL 20100528)
[    0.000000] ACPI: FACS 0x000000007E7F0200 000040
[    0.000000] ACPI: FACS 0x000000007E7F0200 000040
[    0.000000] ACPI: APIC 0x000000007E7F0240 000064 (v02 VBOX   VBOXAPIC 00000001 ASL  00000061)
[    0.000000] ACPI: SSDT 0x000000007E7F02B0 00036C (v01 VBOX   VBOXCPUT 00000002 INTL 20100528)
[    0.000000] ACPI: Reserving FACP table memory at [mem 0x7e7f00f0-0x7e7f01e3]
[    0.000000] ACPI: Reserving DSDT table memory at [mem 0x7e7f0620-0x7e7f2972]
[    0.000000] ACPI: Reserving FACS table memory at [mem 0x7e7f0200-0x7e7f023f]
[    0.000000] ACPI: Reserving FACS table memory at [mem 0x7e7f0200-0x7e7f023f]
[    0.000000] ACPI: Reserving APIC table memory at [mem 0x7e7f0240-0x7e7f02a3]
[    0.000000] ACPI: Reserving SSDT table memory at [mem 0x7e7f02b0-0x7e7f061b]
[    0.000000] No NUMA configuration found
[    0.000000] Faking a node at [mem 0x0000000000000000-0x000000007e7effff]
[    0.000000] NODE_DATA(0) allocated [mem 0x7e7c5000-0x7e7effff]
[    0.000000] kvm-clock: cpu 0, msr 0:7e744001, primary cpu clock
[    0.000000] kvm-clock: Using msrs 4b564d01 and 4b564d00
[    0.000000] kvm-clock: using sched offset of 3996037439 cycles
[    0.000000] clocksource: kvm-clock: mask: 0xffffffffffffffff max_cycles: 0x1cd42e4dffb, max_idle_ns: 881590591483 ns
[    0.000000] Zone ranges:
[    0.000000]   DMA      [mem 0x0000000000001000-0x0000000000ffffff]
[    0.000000]   DMA32    [mem 0x0000000001000000-0x000000007e7effff]
[    0.000000]   Normal   empty
[    0.000000]   Device   empty
[    0.000000] Movable zone start for each node
[    0.000000] Early memory node ranges
[    0.000000]   node   0: [mem 0x0000000000001000-0x000000000009efff]
[    0.000000]   node   0: [mem 0x0000000000100000-0x000000007e7effff]
[    0.000000] Reserved but unavailable: 104 pages
[    0.000000] Initmem setup node 0 [mem 0x0000000000001000-0x000000007e7effff]
[    0.000000] ACPI: PM-Timer IO Port: 0x4008
[    0.000000] IOAPIC[0]: apic_id 3, version 32, address 0xfec00000, GSI 0-23
[    0.000000] ACPI: INT_SRC_OVR (bus 0 bus_irq 0 global_irq 2 dfl dfl)
[    0.000000] ACPI: INT_SRC_OVR (bus 0 bus_irq 9 global_irq 9 low level)
[    0.000000] Using ACPI (MADT) for SMP configuration information
[    0.000000] smpboot: Allowing 3 CPUs, 0 hotplug CPUs
[    0.000000] PM: Registered nosave memory: [mem 0x00000000-0x00000fff]
[    0.000000] PM: Registered nosave memory: [mem 0x0009f000-0x0009ffff]
[    0.000000] PM: Registered nosave memory: [mem 0x000a0000-0x000effff]
[    0.000000] PM: Registered nosave memory: [mem 0x000f0000-0x000fffff]
[    0.000000] e820: [mem 0x7e800000-0xfebfffff] available for PCI devices
[    0.000000] Booting paravirtualized kernel on KVM
[    0.000000] clocksource: refined-jiffies: mask: 0xffffffff max_cycles: 0xffffffff, max_idle_ns: 7645519600211568 ns
[    0.000000] setup_percpu: NR_CPUS:8192 nr_cpumask_bits:3 nr_cpu_ids:3 nr_node_ids:1
[    0.000000] percpu: Embedded 50 pages/cpu s167936 r8192 d28672 u524288
[    0.000000] PV qspinlock hash table entries: 256 (order: 0, 4096 bytes)
[    0.000000] Built 1 zonelists, mobility grouping on.  Total pages: 509913
[    0.000000] Policy zone: DMA32
[    0.000000] Kernel command line: BOOT_IMAGE=/boot/vmlinuz-4.15.0-212-generic root=LABEL=cloudimg-rootfs ro console=tty1 console=ttyS0
[    0.000000] Memory: 1990060K/2072120K available (12300K kernel code, 2477K rwdata, 4324K rodata, 2480K init, 2720K bss, 82060K reserved, 0K cma-reserved)
[    0.000000] SLUB: HWalign=64, Order=0-3, MinObjects=0, CPUs=3, Nodes=1
[    0.000000] ftrace: allocating 39508 entries in 155 pages
[    0.004000] Hierarchical RCU implementation.
[    0.004000] 	RCU restricting CPUs from NR_CPUS=8192 to nr_cpu_ids=3.
[    0.004000] 	Tasks RCU enabled.
[    0.004000] RCU: Adjusting geometry for rcu_fanout_leaf=16, nr_cpu_ids=3
[    0.004000] NR_IRQS: 524544, nr_irqs: 448, preallocated irqs: 16
[    0.004000] random: crng init done
[    0.004000] Console: colour VGA+ 80x25
[    0.004000] console [tty1] enabled
[    0.004000] console [ttyS0] enabled
[    0.004000] ACPI: Core revision 20170831
[    0.004000] ACPI: 2 ACPI AML tables successfully acquired and loaded
[    0.004000] APIC: Switch to symmetric I/O mode setup
[    0.004000] ..TIMER: vector=0x30 apic1=0 pin1=2 apic2=-1 pin2=-1
[    0.004005] tsc: Detected 2995.196 MHz processor
[    0.008009] Calibrating delay loop (skipped) preset value.. 5990.39 BogoMIPS (lpj=11980784)
[    0.012004] pid_max: default: 32768 minimum: 301
[    0.015006] Security Framework initialized
[    0.016007] Yama: becoming mindful.
[    0.020053] AppArmor: AppArmor initialized
[    0.029518] Dentry cache hash table entries: 262144 (order: 9, 2097152 bytes)
[    0.033595] Inode-cache hash table entries: 131072 (order: 8, 1048576 bytes)
[    0.036064] Mount-cache hash table entries: 4096 (order: 3, 32768 bytes)
[    0.040008] Mountpoint-cache hash table entries: 4096 (order: 3, 32768 bytes)
[    0.044028] Last level iTLB entries: 4KB 0, 2MB 0, 4MB 0
[    0.046416] Last level dTLB entries: 4KB 0, 2MB 0, 4MB 0, 1GB 0
[    0.048003] Spectre V1 : Mitigation: usercopy/swapgs barriers and __user pointer sanitization
[    0.052005] Spectre V2 : Mitigation: Enhanced IBRS
[    0.054753] Spectre V2 : Spectre v2 / SpectreRSB mitigation: Filling RSB on context switch
[    0.056001] Spectre V2 : Spectre v2 / PBRSB-eIBRS: Retire a single CALL on VMEXIT
[    0.060001] RETBleed: Mitigation: Enhanced IBRS
[    0.064001] Speculative Store Bypass: Vulnerable
[    0.065854] MMIO Stale Data: Unknown: No mitigations
[    0.068144] Freeing SMP alternatives memory: 36K
[    0.180188] smpboot: CPU0: Intel(R) Core(TM) Ultra 7 155H (family: 0x6, model: 0xaa, stepping: 0x4)
[    0.184000] Performance Events: unsupported p6 CPU model 170 no PMU driver, software events only.
[    0.184000] Hierarchical SRCU implementation.
[    0.184000] NMI watchdog: Perf event create on CPU 0 failed with -2
[    0.184000] NMI watchdog: Perf NMI watchdog permanently disabled
[    0.184000] smp: Bringing up secondary CPUs ...
[    0.184000] x86: Booting SMP configuration:
[    0.184000] .... node  #0, CPUs:      #1
[    0.004000] kvm-clock: cpu 1, msr 0:7e744041, secondary cpu clock
[    0.184346]  #2
[    0.004000] kvm-clock: cpu 2, msr 0:7e744081, secondary cpu clock
[    0.208073] smp: Brought up 1 node, 3 CPUs
[    0.209823] smpboot: Max logical packages: 1
[    0.212003] smpboot: Total of 3 processors activated (17971.17 BogoMIPS)
[    0.216451] devtmpfs: initialized
[    0.220155] x86/mm: Memory block size: 128MB
[    0.224574] evm: security.selinux
[    0.228003] evm: security.SMACK64
[    0.232002] evm: security.SMACK64EXEC
[    0.234632] evm: security.SMACK64TRANSMUTE
[    0.236001] evm: security.SMACK64MMAP
[    0.237652] evm: security.apparmor
[    0.239029] evm: security.ima
[    0.240001] evm: security.capability
[    0.241476] clocksource: jiffies: mask: 0xffffffff max_cycles: 0xffffffff, max_idle_ns: 7645041785100000 ns
[    0.244006] futex hash table entries: 1024 (order: 4, 65536 bytes)
[    0.248156] pinctrl core: initialized pinctrl subsystem
[    0.250441] RTC time: 17:04:43, date: 04/29/25
[    0.252904] NET: Registered protocol family 16
[    0.256099] audit: initializing netlink subsys (disabled)
[    0.258392] audit: type=2000 audit(1745946288.977:1): state=initialized audit_enabled=0 res=1
[    0.264004] cpuidle: using governor ladder
[    0.265580] cpuidle: using governor menu
[    0.268038] ACPI: bus type PCI registered
[    0.269733] acpiphp: ACPI Hot Plug PCI Controller Driver version: 0.5
[    0.272252] PCI: Using configuration type 1 for base access
[    0.276214] HugeTLB registered 2.00 MiB page size, pre-allocated 0 pages
[    0.280195] ACPI: Added _OSI(Module Device)
[    0.281814] ACPI: Added _OSI(Processor Device)
[    0.284008] ACPI: Added _OSI(3.0 _SCP Extensions)
[    0.285791] ACPI: Added _OSI(Processor Aggregator Device)
[    0.287841] ACPI: Added _OSI(Linux-Dell-Video)
[    0.288001] ACPI: Added _OSI(Linux-Lenovo-NV-HDMI-Audio)
[    0.290006] ACPI: Added _OSI(Linux-HPI-Hybrid-Graphics)
[    0.292439] ACPI: Executed 1 blocks of module-level executable AML code
[    0.299611] ACPI: Interpreter enabled
[    0.300010] ACPI: (supports S0 S5)
[    0.301425] ACPI: Using IOAPIC for interrupt routing
[    0.304173] PCI: Using host bridge windows from ACPI; if necessary, use "pci=nocrs" and report a bug
[    0.307804] ACPI: Enabled 2 GPEs in block 00 to 07
[    0.314811] ACPI: PCI Root Bridge [PCI0] (domain 0000 [bus 00-ff])
[    0.316005] acpi PNP0A03:00: _OSC: OS supports [ASPM ClockPM Segments MSI]
[    0.319528] acpi PNP0A03:00: _OSC: not requesting OS control; OS requires [ExtendedConfig ASPM ClockPM MSI]
[    0.320010] acpi PNP0A03:00: fail to add MMCONFIG information, can't access extended PCI configuration space under this bridge.
[    0.324441] PCI host bridge to bus 0000:00
[    0.326865] pci_bus 0000:00: root bus resource [io  0x0000-0x0cf7 window]
[    0.328004] pci_bus 0000:00: root bus resource [io  0x0d00-0xffff window]
[    0.332002] pci_bus 0000:00: root bus resource [mem 0x000a0000-0x000bffff window]
[    0.336001] pci_bus 0000:00: root bus resource [mem 0x7e800000-0xfdffffff window]
[    0.340002] pci_bus 0000:00: root bus resource [bus 00-ff]
[    0.344971] pci 0000:00:01.1: legacy IDE quirk: reg 0x10: [io  0x01f0-0x01f7]
[    0.347482] pci 0000:00:01.1: legacy IDE quirk: reg 0x14: [io  0x03f6]
[    0.348002] pci 0000:00:01.1: legacy IDE quirk: reg 0x18: [io  0x0170-0x0177]
[    0.352003] pci 0000:00:01.1: legacy IDE quirk: reg 0x1c: [io  0x0376]
[    0.368371] pci 0000:00:07.0: quirk: [io  0x4000-0x403f] claimed by PIIX4 ACPI
[    0.371164] pci 0000:00:07.0: quirk: [io  0x4100-0x410f] claimed by PIIX4 SMB
[    0.380610] ACPI: PCI Interrupt Link [LNKA] (IRQs 5 9 10 *11)
[    0.383120] ACPI: PCI Interrupt Link [LNKB] (IRQs 5 9 *10 11)
[    0.384138] ACPI: PCI Interrupt Link [LNKC] (IRQs 5 *9 10 11)
[    0.388139] ACPI: PCI Interrupt Link [LNKD] (IRQs 5 9 10 *11)
[    0.390913] SCSI subsystem initialized
[    0.392301] pci 0000:00:02.0: vgaarb: setting as boot VGA device
[    0.394343] pci 0000:00:02.0: vgaarb: VGA device added: decodes=io+mem,owns=io+mem,locks=none
[    0.396050] pci 0000:00:02.0: vgaarb: bridge control possible
[    0.400002] vgaarb: loaded
[    0.404014] ACPI: bus type USB registered
[    0.405615] usbcore: registered new interface driver usbfs
[    0.408005] usbcore: registered new interface driver hub
[    0.411262] usbcore: registered new device driver usb
[    0.412186] EDAC MC: Ver: 3.0.0
[    0.416452] PCI: Using ACPI for IRQ routing
[    0.420408] NetLabel: Initializing
[    0.421736] NetLabel:  domain hash size = 128
[    0.424001] NetLabel:  protocols = UNLABELED CIPSOv4 CALIPSO
[    0.426208] NetLabel:  unlabeled traffic allowed by default
[    0.428408] clocksource: Switched to clocksource kvm-clock
[    0.444611] VFS: Disk quotas dquot_6.6.0
[    0.444611] VFS: Dquot-cache hash table entries: 512 (order 0, 4096 bytes)
[    0.444611] AppArmor: AppArmor Filesystem Enabled
[    0.444611] pnp: PnP ACPI init
[    0.444611] pnp: PnP ACPI: found 3 devices
[    0.485154] clocksource: acpi_pm: mask: 0xffffff max_cycles: 0xffffff, max_idle_ns: 2085701024 ns
[    0.488162] NET: Registered protocol family 2
[    0.488162] IP idents hash table entries: 32768 (order: 6, 262144 bytes)
[    0.488162] TCP established hash table entries: 16384 (order: 5, 131072 bytes)
[    0.496921] TCP bind hash table entries: 16384 (order: 6, 262144 bytes)
[    0.500584] TCP: Hash tables configured (established 16384 bind 16384)
[    0.500584] UDP hash table entries: 1024 (order: 3, 32768 bytes)
[    0.500584] UDP-Lite hash table entries: 1024 (order: 3, 32768 bytes)
[    0.500584] NET: Registered protocol family 1
[    0.500584] pci 0000:00:00.0: Limiting direct PCI/PCI transfers
[    0.500584] pci 0000:00:01.0: Activating ISA DMA hang workarounds
[    0.500584] pci 0000:00:02.0: Video device with shadowed ROM at [mem 0x000c0000-0x000dffff]
[    0.500584] Unpacking initramfs...
[    0.830791] Freeing initrd memory: 19528K
[    0.832748] clocksource: tsc: mask: 0xffffffffffffffff max_cycles: 0x2b2c8b247ce, max_idle_ns: 440795241955 ns
[    0.840172] platform rtc_cmos: registered platform RTC device (no PNP device found)
[    0.850546] Scanning for low memory corruption every 60 seconds
[    0.855987] Initialise system trusted keyrings
[    0.859782] Key type blacklist registered
[    0.863319] workingset: timestamp_bits=36 max_order=19 bucket_order=0
[    0.872602] zbud: loaded
[    0.874408] squashfs: version 4.0 (2009/01/31) Phillip Lougher
[    0.877859] fuse init (API version 7.26)
[    0.906775] Key type asymmetric registered
[    0.908967] Asymmetric key parser 'x509' registered
[    0.911023] Block layer SCSI generic (bsg) driver version 0.4 loaded (major 246)
[    0.914473] io scheduler noop registered
[    0.916228] io scheduler deadline registered
[    0.918129] io scheduler cfq registered (default)
[    0.921266] ACPI: AC Adapter [AC] (off-line)
[    0.923182] input: Power Button as /devices/LNXSYSTM:00/LNXPWRBN:00/input/input0
[    0.926997] ACPI: Power Button [PWRF]
[    0.928642] input: Sleep Button as /devices/LNXSYSTM:00/LNXSLPBN:00/input/input1
[    0.931888] ACPI: Sleep Button [SLPF]
[    0.935207] ACPI: Battery Slot [BAT0] (battery present)
[    0.938031] Serial: 8250/16550 driver, 32 ports, IRQ sharing enabled
[    0.964327] 00:02: ttyS0 at I/O 0x3f8 (irq = 4, base_baud = 115200) is a 16550A
[    0.981070] Linux agpgart interface v0.103
[    0.989482] loop: module loaded
[    0.992860] scsi host0: ata_piix
[    0.997094] scsi host1: ata_piix
[    0.998528] ata1: PATA max UDMA/33 cmd 0x1f0 ctl 0x3f6 bmdma 0xd000 irq 14
[    1.001715] ata2: PATA max UDMA/33 cmd 0x170 ctl 0x376 bmdma 0xd008 irq 15
[    1.004625] tun: Universal TUN/TAP device driver, 1.6
[    1.007337] PPP generic driver version 2.4.2
[    1.010017] ehci_hcd: USB 2.0 'Enhanced' Host Controller (EHCI) Driver
[    1.012832] ehci-pci: EHCI PCI platform driver
[    1.014915] ehci-platform: EHCI generic platform driver
[    1.017368] ohci_hcd: USB 1.1 'Open' Host Controller (OHCI) Driver
[    1.020113] ohci-pci: OHCI PCI platform driver
[    1.022205] ohci-platform: OHCI generic platform driver
[    1.024685] uhci_hcd: USB Universal Host Controller Interface driver
[    1.028662] i8042: PNP: PS/2 Controller [PNP0303:PS2K,PNP0f03:PS2M] at 0x60,0x64 irq 1,12
[    1.039069] serio: i8042 KBD port at 0x60,0x64 irq 1
[    1.043433] serio: i8042 AUX port at 0x60,0x64 irq 12
[    1.048705] mousedev: PS/2 mouse device common for all mice
[    1.055231] rtc_cmos rtc_cmos: rtc core: registered rtc_cmos as rtc0
[    1.058367] input: AT Translated Set 2 keyboard as /devices/platform/i8042/serio0/input/input2
[    1.060231] rtc_cmos rtc_cmos: alarms up to one day, 114 bytes nvram
[    1.067293] i2c /dev entries driver
[    1.069460] device-mapper: uevent: version 1.0.3
[    1.071927] device-mapper: ioctl: 4.37.0-ioctl (2017-09-20) initialised: dm-devel@redhat.com
[    1.076637] ledtrig-cpu: registered to indicate activity on CPUs
[    1.081819] NET: Registered protocol family 10
[    1.090242] Segment Routing with IPv6
[    1.091838] NET: Registered protocol family 17
[    1.094125] Key type dns_resolver registered
[    1.097305] mce: Using 0 MCE banks
[    1.100135] RAS: Correctable Errors collector initialized.
[    1.102404] sched_clock: Marking stable (1100070497, 0)->(1503138554, -403068057)
[    1.108983] registered taskstats version 1
[    1.110938] Loading compiled-in X.509 certificates
[    1.115700] Loaded X.509 cert 'Build time autogenerated kernel key: b5b26778eaa3ab3a4a6cee031137706e947d12ad'
[    1.120254] Loaded X.509 cert 'Canonical Ltd. Live Patch Signing: 14df34d1a87cf37625abec039ef2bf521249b969'
[    1.124274] Loaded X.509 cert 'Canonical Ltd. Kernel Module Signing: 88f752e560a1e0737e31163a466ad7b70a850c19'
[    1.128384] blacklist: Loading compiled-in revocation X.509 certificates
[    1.131219] Loaded X.509 cert 'Canonical Ltd. Secure Boot Signing: 61482aa2830d0ab2ad5af10b7250da9033ddcef0'
[    1.135347] Loaded X.509 cert 'Canonical Ltd. Secure Boot Signing (2017): 242ade75ac4a15e50d50c84b0d45ff3eae707a03'
[    1.142526] Loaded X.509 cert 'Canonical Ltd. Secure Boot Signing (ESM 2018): 365188c1d374d6b07c3c8f240f8ef722433d6a8b'
[    1.148603] Loaded X.509 cert 'Canonical Ltd. Secure Boot Signing (2019): c0746fd6c5da3ae827864651ad66ae47fe24b3e8'
[    1.152820] Loaded X.509 cert 'Canonical Ltd. Secure Boot Signing (2021 v1): a8d54bbb3825cfb94fa13c9f8a594a195c107b8d'
[    1.157208] Loaded X.509 cert 'Canonical Ltd. Secure Boot Signing (2021 v2): 4cf046892d6fd3c9a5b03f98d845f90851dc6a8c'
[    1.161486] Loaded X.509 cert 'Canonical Ltd. Secure Boot Signing (2021 v3): 100437bb6de6e469b581e61cd66bce3ef4ed53af'
[    1.166904] Loaded X.509 cert 'Canonical Ltd. Secure Boot Signing (Ubuntu Core 2019): c1d57b8f6b743f23ee41f4f7ee292f06eecadfb9'
[    1.176118] zswap: loaded using pool lzo/zbud
[    1.210292] Key type big_key registered
[    1.212280] Key type trusted registered
[    1.216233] Key type encrypted registered
[    1.217763] AppArmor: AppArmor sha1 policy hashing enabled
[    1.219814] ima: No TPM chip found, activating TPM-bypass! (rc=-19)
[    1.222243] ima: Allocated hash algorithm: sha1
[    1.224416] evm: HMAC attrs: 0x1
[    1.226070]   Magic number: 5:484:88
[    1.227944] rtc_cmos rtc_cmos: setting system clock to 2025-04-29 17:04:44 UTC (1745946284)
[    1.231699] BIOS EDD facility v0.16 2004-Jun-25, 0 devices found
[    1.234171] EDD information not available.
[    1.237844] Freeing unused kernel image memory: 2480K
[    1.260495] Write protecting the kernel read-only data: 20480k
[    1.263873] Freeing unused kernel image memory: 2008K
[    1.266559] Freeing unused kernel image memory: 1820K
[    1.271971] x86/mm: Checked W+X mappings: passed, no W+X pages found.
Loading, please wait...
starting version 237
[    1.341797] e1000: Intel(R) PRO/1000 Network Driver - version 7.3.21-k8-NAPI
[    1.344821] e1000: Copyright (c) 1999-2006 Intel Corporation.
[    1.351245] Fusion MPT base driver 3.04.20
[    1.353361] Copyright (c) 1999-2008 LSI Corporation
[    1.363822] Fusion MPT SPI Host driver 3.04.20
[    1.370336] SSE version of gcm_enc/dec engaged.
[    1.590747] input: ImExPS/2 Generic Explorer Mouse as /devices/platform/i8042/serio1/input/input4
[    1.876751] e1000 0000:00:03.0 eth0: (PCI:33MHz:32-bit) 02:3b:7b:b7:3b:2d
[    1.881257] e1000 0000:00:03.0 eth0: Intel(R) PRO/1000 Network Connection
[    1.900557] mptbase: ioc0: Initiating bringup
[    2.564285] ioc0: LSI53C1030 A0: Capabilities={Initiator}
[    3.010224] scsi host2: ioc0: LSI53C1030 A0, FwRev=00000000h, Ports=1, MaxQ=256, IRQ=20
[    3.239313] scsi 2:0:0:0: Direct-Access     VBOX     HARDDISK         1.0  PQ: 0 ANSI: 5
[    3.288327] scsi target2:0:0: Beginning Domain Validation
[    3.304918] scsi target2:0:0: Domain Validation skipping write tests
[    3.311343] scsi target2:0:0: Ending Domain Validation
[    3.314400] scsi target2:0:0: asynchronous
[    3.322268] scsi 2:0:1:0: Direct-Access     VBOX     HARDDISK         1.0  PQ: 0 ANSI: 5
[    3.684075] scsi target2:0:1: Beginning Domain Validation
[    3.698751] scsi target2:0:1: Domain Validation skipping write tests
[    3.705291] scsi target2:0:1: Ending Domain Validation
[    3.712307] scsi target2:0:1: asynchronous
[    3.734416] e1000 0000:00:08.0 eth1: (PCI:33MHz:32-bit) 08:00:27:c8:52:54
[    3.735276] sd 2:0:0:0: Attached scsi generic sg0 type 0
[    3.738938] e1000 0000:00:08.0 eth1: Intel(R) PRO/1000 Network Connection
[    3.746450] sd 2:0:1:0: Attached scsi generic sg1 type 0
[    3.757587] sd 2:0:0:0: [sda] 83886080 512-byte logical blocks: (42.9 GB/40.0 GiB)
[    3.761595] sd 2:0:1:0: [sdb] 20480 512-byte logical blocks: (10.5 MB/10.0 MiB)
[    3.764065] sd 2:0:0:0: [sda] Write Protect is off
[    3.769108] sd 2:0:1:0: [sdb] Write Protect is off
[    3.769415] sd 2:0:0:0: [sda] Incomplete mode parameter data
[    3.775221] sd 2:0:0:0: [sda] Assuming drive cache: write through
[    3.779086] sd 2:0:1:0: [sdb] Incomplete mode parameter data
[    3.782114]  sda: sda1
[    3.782373] sd 2:0:1:0: [sdb] Assuming drive cache: write through
[    3.785716] sd 2:0:0:0: [sda] Attached SCSI disk
[    3.798091] sd 2:0:1:0: [sdb] Attached SCSI disk
[    3.801879] e1000 0000:00:08.0 enp0s8: renamed from eth1
[    3.832826] e1000 0000:00:03.0 enp0s3: renamed from eth0
Begin: Loading essential drivers ... [    5.524035] raid6: sse2x1   gen() 20409 MB/s
[    5.572619] raid6: sse2x1   xor() 12438 MB/s
[    5.624530] raid6: sse2x2   gen() 19662 MB/s
[    5.672136] raid6: sse2x2   xor() 12416 MB/s
[    5.720157] raid6: sse2x4   gen() 26782 MB/s
[    5.768945] raid6: sse2x4   xor() 13842 MB/s
[    5.777136] raid6: using algorithm sse2x4 gen() 26782 MB/s
[    5.786930] raid6: .... xor() 13842 MB/s, rmw enabled
[    5.789448] raid6: using ssse3x2 recovery algorithm
[    5.793591] xor: measuring software checksum speed
[    5.832352]    prefetch64-sse: 40796.000 MB/sec
[    5.872424]    generic_sse: 36382.000 MB/sec
[    5.874780] xor: using function: prefetch64-sse (40796.000 MB/sec)
[    5.882292] async_tx: api initialized (async)
done.
Begin: Running /scripts/init-premount ... done.
Begin: Mounting root file system ... Begin: Running /scripts/local-top ... done.
Begin: Running /scripts/local-premount ... [    5.939007] Btrfs loaded, crc32c=crc32c-intel
Scanning for Btrfs filesystems
done.
Warning: fsck not present, so skipping root file system
[    6.041532] EXT4-fs (sda1): mounted filesystem with ordered data mode. Opts: (null)
done.
Begin: Running /scripts/local-bottom ... done.
Begin: Running /scripts/init-bottom ... done.
[    6.613582] ip_tables: (C) 2000-2006 Netfilter Core Team
[    6.628718] systemd[1]: systemd 237 running in system mode. (+PAM +AUDIT +SELINUX +IMA +APPARMOR +SMACK +SYSVINIT +UTMP +LIBCRYPTSETUP +GCRYPT +GNUTLS +ACL +XZ +LZ4 +SECCOMP +BLKID +ELFUTILS +KMOD -IDN2 +IDN -PCRE2 default-hierarchy=hybrid)
[    6.642901] systemd[1]: Detected virtualization oracle.
[    6.646739] systemd[1]: Detected architecture x86-64.

Welcome to [1mUbuntu 18.04.6 LTS[0m!

[    6.688863] systemd[1]: Set hostname to <jerdos-sS>.
[    7.336520] systemd[1]: Reached target Swap.
[[0;32m  OK  [0m] Reached target Swap.
[    7.343014] systemd[1]: Reached target System Time Synchronized.
[[0;32m  OK  [0m] Reached target System Time Synchronized.
[    7.374752] systemd[1]: Created slice User and Session Slice.
[[0;32m  OK  [0m] Created slice User and Session Slice.
[    7.379303] systemd[1]: Reached target User and Group Name Lookups.
[[0;32m  OK  [0m] Reached target User and Group Name Lookups.
[    7.384530] systemd[1]: Set up automount Arbitrary Executable File Formats File System Automount Point.
[[0;32m  OK  [0m] Set up automount Arbitrary Executabâ€¦rmats File System Automount Point.
[    7.391299] systemd[1]: Reached target Mounting snaps.
[[0;32m  OK  [0m] Reached target Mounting snaps.
[[0;32m  OK  [0m] Created slice System Slice.
[[0;32m  OK  [0m] Listening on Device-mapper event daemon FIFOs.
[[0;32m  OK  [0m] Reached target Slices.
[[0;32m  OK  [0m] Listening on LVM2 metadata daemon socket.
[[0;32m  OK  [0m] Created slice system-serial\x2dgetty.slice.
[[0;32m  OK  [0m] Listening on Network Service Netlink Socket.
[[0;32m  OK  [0m] Listening on udev Control Socket.
[[0;32m  OK  [0m] Listening on Journal Socket (/dev/log).
[[0;32m  OK  [0m] Listening on fsck to fsckd communication Socket.
[[0;32m  OK  [0m] Listening on udev Kernel Socket.
[[0;32m  OK  [0m] Listening on LVM2 poll daemon socket.
[[0;32m  OK  [0m] Listening on Journal Audit Socket.
[[0;32m  OK  [0m] Reached target Mounted snaps.
[[0;32m  OK  [0m] Listening on Journal Socket.
         Starting Create list of required stâ€¦ce nodes for the current kernel...
         Starting Set the console keyboard layout...
         Mounting Kernel Debug File System...
         Starting udev Coldplug all Devices...
         Starting Uncomplicated firewall...
         Starting File System Check on Root Device...
         Mounting POSIX Message Queue File System...
[[0;32m  OK  [0m] Listening on Syslog Socket.
         Starting Journal Service...
         Starting Load Kernel Modules...
         Starting Monitoring of LVM2 mirrorsâ€¦ng dmeventd or progress polling...
[[0;32m  OK  [0m] Started Forward Password Requests to Wall Directory Watch.
         Mounting Huge Pages File System...
[[0;32m  OK  [0m] Listening on /dev/initctl Compatibility Named Pipe.
[[0;32m  OK  [0m] Started Create list of required staâ€¦vice nodes for the current kernel.
[[0;32m  OK  [0m] Started Journal Service.
[[0;32m  OK  [0m] Mounted Kernel Debug File System.
[[0;32m  OK  [0m] Started Uncomplicated firewall.
[[0;32m  OK  [0m] Started File System Check on Root Device.
[[0;32m  OK  [0m] Mounted POSIX Message Queue File System.
[[0;32m  OK  [0m] Mounted Huge Pages File System.
[    7.611994] Loading iSCSI transport class v2.0-870.
[[0;32m  OK  [0m] Started udev Coldplug all Devices.
[[0;32m  OK  [0m] Started File System Check Daemon to report status.
         Starting Remount Root and Kernel File Systems...
         Starting Create Static Device Nodes in /dev...
[    7.672317] iscsi: registered transport (tcp)
[[0;32m  OK  [0m] Started Create Static Device Nodes in /dev.
[    7.813829] EXT4-fs (sda1): re-mounted. Opts: (null)
[[0;32m  OK  [0m] Started Remount Root and Kernel File Systems.
[    7.862598] iscsi: registered transport (iser)
         Starting Flush Journal to Persistent Storage...
         Starting Load/Save Random Seed...
         Starting udev Kernel Device Manager...
[[0;32m  OK  [0m] Started Load Kernel Modules.
         Mounting Kernel Configuration File System...
         Mounting FUSE Control File System...
         Starting Apply Kernel Variables...
[[0;32m  OK  [0m] Mounted Kernel Configuration File System.
[[0;32m  OK  [0m] Started Set the console keyboard layout.
[[0;32m  OK  [0m] Mounted FUSE Control File System.
[[0;32m  OK  [0m] Started LVM2 metadata daemon.
[    7.975839] systemd-journald[415]: Received request to flush runtime journal from PID 1
[[0;32m  OK  [0m] Started Load/Save Random Seed.
[[0;32m  OK  [0m] Started udev Kernel Device Manager.
[[0;32m  OK  [0m] Started Dispatch Password Requests to Console Directory Watch.
[[0;32m  OK  [0m] Reached target Local Encrypted Volumes.
[[0;32m  OK  [0m] Started Apply Kernel Variables.
[[0;32m  OK  [0m] Started Monitoring of LVM2 mirrors,â€¦sing dmeventd or progress polling.
[[0;32m  OK  [0m] Reached target Local File Systems (Pre).
[[0;32m  OK  [0m] Reached target Local File Systems.
         Starting Tell Plymouth To Write Out Runtime Data...
         Starting AppArmor initialization...
         Starting Set console font and keymap...
         Starting ebtables ruleset management...
[[0;32m  OK  [0m] Started Flush Journal to Persistent Storage.
         Starting Create Volatile Files and Directories...
[[0;32m  OK  [0m] Started Tell Plymouth To Write Out Runtime Data.
[[0;32m  OK  [0m] Started Set console font and keymap.
[[0;32m  OK  [0m] Started Create Volatile Files and Directories.
         Starting Update UTMP about System Boot/Shutdown...
[[0;32m  OK  [0m] Started Update UTMP about System Boot/Shutdown.
[[0;32m  OK  [0m] Found device /dev/ttyS0.
[[0;32m  OK  [0m] Started ebtables ruleset management.
[[0;32m  OK  [0m] Listening on Load/Save RF Kill Switch Status /dev/rfkill Watch.
[[0;32m  OK  [0m] Started AppArmor initialization.
         Starting Initial cloud-init job (pre-networking)...
         Starting Load AppArmor profiles managed internally by snapd...
         Mounting Arbitrary Executable File Formats File System...
[[0;32m  OK  [0m] Mounted Arbitrary Executable File Formats File System.
[[0;32m  OK  [0m] Started Load AppArmor profiles managed internally by snapd.
[   11.302644] cloud-init[571]: Cloud-init v. 23.1.2-0ubuntu0~18.04.1 running 'init-local' at Tue, 29 Apr 2025 17:04:54 +0000. Up 11.14 seconds.
[[0;32m  OK  [0m] Started Initial cloud-init job (pre-networking).
[[0;32m  OK  [0m] Reached target Network (Pre).
         Starting Network Service...
[[0;32m  OK  [0m] Started Network Service.
         Starting Network Name Resolution...
         Starting Wait for Network to be Configured...
[[0;32m  OK  [0m] Started Network Name Resolution.
[[0;32m  OK  [0m] Reached target Network.
[[0;32m  OK  [0m] Reached target Host and Network Name Lookups.
[[0;32m  OK  [0m] Started Wait for Network to be Configured.
         Starting Initial cloud-init job (metadata service crawler)...
[   13.674764] cloud-init[701]: Cloud-init v. 23.1.2-0ubuntu0~18.04.1 running 'init' at Tue, 29 Apr 2025 17:04:56 +0000. Up 13.58 seconds.
[   13.677537] cloud-init[701]: ci-info: +++++++++++++++++++++++++++++++++++++++++++Net device info++++++++++++++++++++++++++++++++++++++++++++
[   13.680448] cloud-init[701]: ci-info: +--------+------+---------------------------------------+---------------+--------+-------------------+
[   13.682460] cloud-init[701]: ci-info: | Device |  Up  |                Address                |      Mask     | Scope  |     Hw-Address    |
[   13.684855] cloud-init[701]: ci-info: +--------+------+---------------------------------------+---------------+--------+-------------------+
[   13.696508] cloud-init[701]: ci-info: | enp0s3 | True |               10.0.2.15               | 255.255.255.0 | global | 02:3b:7b:b7:3b:2d |
[   13.698639] cloud-init[701]: ci-info: | enp0s3 | True | fd17:625c:f037:2:3b:7bff:feb7:3b2d/64 |       .       | global | 02:3b:7b:b7:3b:2d |
[   13.702128] cloud-init[701]: ci-info: | enp0s3 | True |       fe80::3b:7bff:feb7:3b2d/64      |       .       |  link  | 02:3b:7b:b7:3b:2d |
[   13.707021] cloud-init[701]: ci-info: | enp0s8 | True |             192.168.56.110            | 255.255.255.0 | global | 08:00:27:c8:52:54 |
[   13.710024] cloud-init[701]: ci-info: | enp0s8 | True |      fe80::a00:27ff:fec8:5254/64      |       .       |  link  | 08:00:27:c8:52:54 |
[   13.712425] cloud-init[701]: ci-info: |   lo   | True |               127.0.0.1               |   255.0.0.0   |  host  |         .         |
[   13.715788] cloud-init[701]: ci-info: |   lo   | True |                ::1/128                |       .       |  host  |         .         |
[   13.718595] cloud-init[701]: ci-info: +--------+------+---------------------------------------+---------------+--------+-------------------+
[   13.721475] cloud-init[701]: ci-info: +++++++++++++++++++++++++++++Route IPv4 info+++++++++++++++++++++++++++++
[   13.724977] cloud-init[701]: ci-info: +-------+--------------+----------+-----------------+-----------+-------+
[   13.733449] cloud-init[701]: ci-info: | Route | Destination  | Gateway  |     Genmask     | Interface | Flags |
[   13.736393] cloud-init[701]: ci-info: +-------+--------------+----------+-----------------+-----------+-------+
[   13.742381] cloud-init[701]: ci-info: |   0   |   0.0.0.0    | 10.0.2.2 |     0.0.0.0     |   enp0s3  |   UG  |
[   13.744115] cloud-init[701]: ci-info: |   1   |   10.0.2.0   | 0.0.0.0  |  255.255.255.0  |   enp0s3  |   U   |
[   13.745554] cloud-init[701]: ci-info: |   2   |   10.0.2.2   | 0.0.0.0  | 255.255.255.255 |   enp0s3  |   UH  |
[   13.747420] cloud-init[701]: ci-info: |   3   | 192.168.56.0 | 0.0.0.0  |  255.255.255.0  |   enp0s8  |   U   |
[   13.749425] cloud-init[701]: ci-info: +-------+--------------+----------+-----------------+-----------+-------+
[   13.751151] cloud-init[701]: ci-info: ++++++++++++++++++++++++Route IPv6 info++++++++++++++++++++++++
[   13.765211] cloud-init[701]: ci-info: +-------+-----------------------+---------+-----------+-------+
[   13.777264] cloud-init[701]: ci-info: | Route |      Destination      | Gateway | Interface | Flags |
[   13.779137] cloud-init[701]: ci-info: +-------+-----------------------+---------+-----------+-------+
[   13.781043] cloud-init[701]: ci-info: |   1   | fd17:625c:f037:2::/64 |    ::   |   enp0s3  |   U   |
[   13.783644] cloud-init[701]: ci-info: |   2   |       fe80::/64       |    ::   |   enp0s8  |   U   |
[   13.800866] cloud-init[701]: ci-info: |   3   |       fe80::/64       |    ::   |   enp0s3  |   U   |
[   13.807096] cloud-init[701]: ci-info: |   4   |          ::/0         | fe80::2 |   enp0s3  |   UG  |
[   13.811270] cloud-init[701]: ci-info: |   6   |         local         |    ::   |   enp0s3  |   U   |
[   13.839952] cloud-init[701]: ci-info: |   7   |         local         |    ::   |   enp0s8  |   U   |
[   13.852156] cloud-init[701]: ci-info: |   8   |        ff00::/8       |    ::   |   enp0s8  |   U   |
[   13.855503] cloud-init[701]: ci-info: |   9   |        ff00::/8       |    ::   |   enp0s3  |   U   |
[   13.858019] cloud-init[701]: ci-info: +-------+-----------------------+---------+-----------+-------+
[[0;32m  OK  [0m] Started Initial cloud-init job (metadata service crawler).
[[0;32m  OK  [0m] Reached target System Initialization.
[[0;32m  OK  [0m] Listening on UUID daemon activation socket.
[[0;32m  OK  [0m] Started Daily apt download activities.
         Starting LXD - unix socket.
[[0;32m  OK  [0m] Listening on cloud-init hotplug hook socket.
[[0;32m  OK  [0m] Started Message of the Day.
[[0;32m  OK  [0m] Listening on Open-iSCSI iscsid Socket.
[[0;32m  OK  [0m] Started Daily Cleanup of Temporary Directories.
[[0;32m  OK  [0m] Listening on ACPID Listen Socket.
[[0;32m  OK  [0m] Started Daily apt upgrade and clean activities.
[[0;32m  OK  [0m] Listening on D-Bus System Message Bus Socket.
[[0;32m  OK  [0m] Started Discard unused blocks once a week.
[[0;32m  OK  [0m] Started ACPI Events Check.
[[0;32m  OK  [0m] Reached target Paths.
[[0;32m  OK  [0m] Started Ubuntu Advantage Timer for running repeated jobs.
         Starting Socket activation for snappy daemon.
[[0;32m  OK  [0m] Reached target Timers.
[[0;32m  OK  [0m] Reached target Network is Online.
         Starting Availability of block devices...
[[0;32m  OK  [0m] Reached target Remote File Systems (Pre).
         Mounting /vagrant...
[[0;32m  OK  [0m] Reached target Cloud-config availability.
[[0;32m  OK  [0m] Listening on LXD - unix socket.
[[0;32m  OK  [0m] Listening on Socket activation for snappy daemon.
[[0;32m  OK  [0m] Started Availability of block devices.
[[0;32m  OK  [0m] Reached target Sockets.
[[0;32m  OK  [0m] Reached target Basic System.
         Starting Lightweight Kubernetes...
         Starting Accounts Service...
         Starting LSB: Record successful boot for GRUB...
[[0;32m  OK  [0m] Started Deferred execution scheduler.
[[0;32m  OK  [0m] Reached target Login Prompts (Pre).
[[0;32m  OK  [0m] Started FUSE filesystem for LXC.
         Starting LXD - container startup/shutdown...
         Starting OpenBSD Secure Shell server...
[[0;32m  OK  [0m] Started irqbalance daemon.
[[0;32m  OK  [0m] Started D-Bus System Message Bus.
         Starting Login Service...
[[0;32m  OK  [0m] Started Regular background program processing daemon.
         Starting Virtualbox guest utils...
         Starting Snap Daemon...
         Starting Dispatcher daemon for systemd-networkd...
         Starting System Logging Service...
[[0;32m  OK  [0m] Mounted /vagrant.
[[0;32m  OK  [0m] Started LXD - container startup/shutdown.
[[0;32m  OK  [0m] Started OpenBSD Secure Shell server.
[[0;32m  OK  [0m] Started System Logging Service.
[[0;32m  OK  [0m] Started Login Service.
[[0;32m  OK  [0m] Started Unattended Upgrades Shutdown.
         Starting Authorization Manager...
         Starting Hostname Service...
[[0;32m  OK  [0m] Reached target Remote File Systems.
         Starting Permit User Sessions...
         Starting LSB: automatic crash report generation...
[[0;32m  OK  [0m] Started Permit User Sessions.
         Starting Terminate Plymouth Boot Screen...
         Starting Hold until boot process finishes up...
[[0;32m  OK  [0m] Started Terminate Plymouth Boot Screen.
[[0;32m  OK  [0m] Started Hold until boot process finishes up.
         Starting Set console scheme...
[[0;32m  OK  [0m] Started Serial Getty on ttyS0.
[[0;32m  OK  [0m] Started Authorization Manager.
[[0;32m  OK  [0m] Started Accounts Service.
[[0;32m  OK  [0m] Started Virtualbox guest utils.
[[0;32m  OK  [0m] Started Set console scheme.
[[0;32m  OK  [0m] Created slice system-getty.slice.
[[0;32m  OK  [0m] Started Getty on tty1.
[[0;32m  OK  [0m] Reached target Login Prompts.
[[0;32m  OK  [0m] Started LSB: Record successful boot for GRUB.
[[0;32m  OK  [0m] Started Hostname Service.
[[0;32m  OK  [0m] Started LSB: automatic crash report generation.
[[0;32m  OK  [0m] Started Dispatcher daemon for systemd-networkd.
[[0;32m  OK  [0m] Started Snap Daemon.
         Starting Wait until snapd is fully seeded...
         Starting Time & Date Service...
[[0;32m  OK  [0m] Started Time & Date Service.
[[0;32m  OK  [0m] Started Wait until snapd is fully seeded.
         Starting Apply the settings specified in cloud-config...
[   18.104488] cloud-init[1278]: Cloud-init v. 23.1.2-0ubuntu0~18.04.1 running 'modules:config' at Tue, 29 Apr 2025 17:05:01 +0000. Up 17.95 seconds.
[[0;32m  OK  [0m] Created slice User Slice of vagrant.
[[0;32m  OK  [0m] Started Apply the settings specified in cloud-config.
[[0;32m  OK  [0m] Started Session 1 of user vagrant.
         Starting User Manager for UID 1000...
[[0;32m  OK  [0m] Started User Manager for UID 1000.

Ubuntu 18.04.6 LTS jerdos-sS ttyS0

jerdos-sS login: [   26.952052] cloud-init[2585]: Cloud-init v. 23.1.2-0ubuntu0~18.04.1 running 'modules:final' at Tue, 29 Apr 2025 17:05:09 +0000. Up 26.66 seconds.
[   26.952156] cloud-init[2585]: Cloud-init v. 23.1.2-0ubuntu0~18.04.1 finished at Tue, 29 Apr 2025 17:05:10 +0000. Datasource DataSourceNoCloud [seed=/dev/sdb][dsmode=net].  Up 26.94 seconds
[ 2254.637148] INFO: rcu_sched self-detected stall on CPU
[ 2254.639032] INFO: rcu_sched self-detected stall on CPU
[ 2254.646126] INFO: rcu_sched detected stalls on CPUs/tasks:
[ 2254.646142] 	0-...!: (1 ticks this GP) idle=91a/1/0 softirq=66263/66263 fqs=0 
[ 2254.646147] 	1-...!: (1 ticks this GP) idle=896/1/0 softirq=64306/64306 fqs=0 
[ 2254.646148] 	(detected by 2, t=107162 jiffies, g=32722, c=32721, q=208)
[ 2254.691481] rcu_sched kthread starved for 107162 jiffies! g32722 c32721 f0x0 RCU_GP_WAIT_FQS(3) ->state=0x402 ->cpu=2
[ 2254.722206] 	1-...!: (1 ticks this GP) idle=896/1/0 softirq=64306/64306 fqs=1 
[ 2254.722209] 	 (t=107162 jiffies g=32722 c=32721 q=210)
[ 2255.575536] 	0-...!: (1 ticks this GP) idle=91a/1/0 softirq=66263/66263 fqs=1 
[ 2255.732817] 	 (t=107399 jiffies g=32722 c=32721 q=239)
